dwm build options:
CFLAGS   = -std=c99 -pedantic -Wall -Wno-unused-function -Wno-deprecated-declarations -Os -I/usr/X11R6/include -I/usr/include/freetype2    -D_DEFAULT_SOURCE -D_BSD_SOURCE -D_XOPEN_SOURCE=700L -DVERSION="6.4" -DXINERAMA
LDFLAGS  = -L/usr/X11R6/lib -lX11 -lXinerama -lfontconfig -lXft  -lXrender   -lX11-xcb -lxcb -lxcb-res    -lImlib2 
CC       = cc
cc -c -std=c99 -pedantic -Wall -Wno-unused-function -Wno-deprecated-declarations -Os -I/usr/X11R6/include -I/usr/include/freetype2    -D_DEFAULT_SOURCE -D_BSD_SOURCE -D_XOPEN_SOURCE=700L -DVERSION=\"6.4\" -DXINERAMA drw.c
cc -c -std=c99 -pedantic -Wall -Wno-unused-function -Wno-deprecated-declarations -Os -I/usr/X11R6/include -I/usr/include/freetype2    -D_DEFAULT_SOURCE -D_BSD_SOURCE -D_XOPEN_SOURCE=700L -DVERSION=\"6.4\" -DXINERAMA dwm.c
cc -c -std=c99 -pedantic -Wall -Wno-unused-function -Wno-deprecated-declarations -Os -I/usr/X11R6/include -I/usr/include/freetype2    -D_DEFAULT_SOURCE -D_BSD_SOURCE -D_XOPEN_SOURCE=700L -DVERSION=\"6.4\" -DXINERAMA util.c
cc -o dwm drw.o dwm.o util.o -L/usr/X11R6/lib -lX11 -lXinerama -lfontconfig -lXft  -lXrender   -lX11-xcb -lxcb -lxcb-res    -lImlib2 
